// Jest Snapshot v1, https://goo.gl/fbAQLP

exports[`TEST component listOneProduct TEST render to component 1`] = `" Имя:   Бренд:   Категория:   Цена:   Звезд:   "`;
